[Michal@CrimsonNight tmuxcreate]$ # Michał Waluś 279695
[Michal@CrimsonNight tmuxcreate]$ svn export https://repo.cs.pwr.edu.pl/279695-dir/mw1/list2/
A    list2
A    list2/ex1
A    list2/ex1/random
A    list2/ex2
A    list2/ex3
A    list2/ex4
A    list2/ex2/makegraphs.py
A    list2/.gitignore
A    list2/ex1/Makefile
A    list2/ex1/hybridsort.cpp
A    list2/ex1/insort.cpp
A    list2/ex2/sn_big_n_k3.png
A    list2/ex1/quicksort.cpp
A    list2/ex1/random/genrand.cpp
A    list2/ex2/s_big_n_k2.png
A    list2/ex2/sn_small_n_k3.png
A    list2/ex3/msdata.py
A    list2/ex4/Makefile
A    list2/ex1/random/genrdes.cpp
A    list2/ex1/random/genrinc.cpp
A    list2/ex2/s_small_n_k1.png
A    list2/ex2/s_small_n_k3.png
A    list2/ex2/sn_big_n_k2.png
A    list2/ex2/c_big_n_k1.png
A    list2/ex2/sn_small_n_k2.png
A    list2/ex3/mergesort.cpp
A    list2/ex3/mysort.cpp
A    list2/ex2/c_big_n_k2.png
A    list2/ex4/dpqs.cpp
A    list2/ex2/c_big_n_k3.png
A    list2/ex2/c_small_n_k1.png
A    list2/ex2/c_small_n_k2.png
A    list2/ex2/c_small_n_k3.png
A    list2/ex2/checkhybrid.sh
A    list2/ex2/cn_big_n_k1.png
A    list2/ex2/cn_big_n_k2.png
A    list2/ex2/cn_big_n_k3.png
A    list2/ex2/cn_small_n_k1.png
A    list2/ex2/cn_small_n_k2.png
A    list2/ex2/cn_small_n_k3.png
A    list2/ex2/data.txt
A    list2/ex2/getdata.py
A    list2/ex2/hybrid.png
A    list2/ex2/hybrid.py
A    list2/ex2/s_big_n_k1.png
A    list2/ex2/s_big_n_k3.png
A    list2/ex2/s_small_n_k2.png
A    list2/ex2/sn_big_n_k1.png
A    list2/ex2/sn_small_n_k1.png
A    list2/ex3/Makefile
A    list2/ex3/msdata.txt
A    list2/ex4/const.py
Exported revision 5.
[Michal@CrimsonNight tmuxcreate]$ cd list2/ex1
[Michal@CrimsonNight ex1]$ make rand
g++ -Wall -Wextra random/genrand.cpp -o rand.out
g++ -Wall -Wextra random/genrinc.cpp -o randinc.out
g++ -Wall -Wextra random/genrdes.cpp -o randdes.out
[Michal@CrimsonNight ex1]$ make insort
g++ -Wall -Wextra insort.cpp -o insort.out
[Michal@CrimsonNight ex1]$ make quick
g++ -Wall -Wextra quicksort.cpp -o quicksort.out
[Michal@CrimsonNight ex1]$ make hybrid
g++ -Wall -Wextra hybridsort.cpp -o hybridsort.out
[Michal@CrimsonNight ex1]$ ./rand.out 8 | ./insort.out 
Initial array:
10 12 07 14 08 13 03 12 
Array after insertions: 
10 12 07 14 08 13 03 12 
07 10 12 14 08 13 03 12 
07 10 12 14 08 13 03 12 
07 08 10 12 14 13 03 12 
07 08 10 12 13 14 03 12 
03 07 08 10 12 13 14 12 
03 07 08 10 12 12 13 14 
Original array:
10 12 07 14 08 13 03 12 
Sorted array:
03 07 08 10 12 12 13 14 
Comparisons: 21 Swaps: 19
[Michal@CrimsonNight ex1]$ ./rand.out 32 | ./insort.out                                                                                                                                                            
Initial array:
27 00 63 31 52 19 10 28 40 06 47 40 05 09 08 48 61 41 60 28 05 18 58 16 01 34 19 43 60 31 07 39 
Array after insertions: 
00 27 63 31 52 19 10 28 40 06 47 40 05 09 08 48 61 41 60 28 05 18 58 16 01 34 19 43 60 31 07 39 
00 27 63 31 52 19 10 28 40 06 47 40 05 09 08 48 61 41 60 28 05 18 58 16 01 34 19 43 60 31 07 39 
00 27 31 63 52 19 10 28 40 06 47 40 05 09 08 48 61 41 60 28 05 18 58 16 01 34 19 43 60 31 07 39 
00 27 31 52 63 19 10 28 40 06 47 40 05 09 08 48 61 41 60 28 05 18 58 16 01 34 19 43 60 31 07 39 
00 19 27 31 52 63 10 28 40 06 47 40 05 09 08 48 61 41 60 28 05 18 58 16 01 34 19 43 60 31 07 39 
00 10 19 27 31 52 63 28 40 06 47 40 05 09 08 48 61 41 60 28 05 18 58 16 01 34 19 43 60 31 07 39 
00 10 19 27 28 31 52 63 40 06 47 40 05 09 08 48 61 41 60 28 05 18 58 16 01 34 19 43 60 31 07 39 
00 10 19 27 28 31 40 52 63 06 47 40 05 09 08 48 61 41 60 28 05 18 58 16 01 34 19 43 60 31 07 39 
00 06 10 19 27 28 31 40 52 63 47 40 05 09 08 48 61 41 60 28 05 18 58 16 01 34 19 43 60 31 07 39 
00 06 10 19 27 28 31 40 47 52 63 40 05 09 08 48 61 41 60 28 05 18 58 16 01 34 19 43 60 31 07 39 
00 06 10 19 27 28 31 40 40 47 52 63 05 09 08 48 61 41 60 28 05 18 58 16 01 34 19 43 60 31 07 39 
00 05 06 10 19 27 28 31 40 40 47 52 63 09 08 48 61 41 60 28 05 18 58 16 01 34 19 43 60 31 07 39 
00 05 06 09 10 19 27 28 31 40 40 47 52 63 08 48 61 41 60 28 05 18 58 16 01 34 19 43 60 31 07 39 
00 05 06 08 09 10 19 27 28 31 40 40 47 52 63 48 61 41 60 28 05 18 58 16 01 34 19 43 60 31 07 39 
00 05 06 08 09 10 19 27 28 31 40 40 47 48 52 63 61 41 60 28 05 18 58 16 01 34 19 43 60 31 07 39 
00 05 06 08 09 10 19 27 28 31 40 40 47 48 52 61 63 41 60 28 05 18 58 16 01 34 19 43 60 31 07 39 
00 05 06 08 09 10 19 27 28 31 40 40 41 47 48 52 61 63 60 28 05 18 58 16 01 34 19 43 60 31 07 39 
00 05 06 08 09 10 19 27 28 31 40 40 41 47 48 52 60 61 63 28 05 18 58 16 01 34 19 43 60 31 07 39 
00 05 06 08 09 10 19 27 28 28 31 40 40 41 47 48 52 60 61 63 05 18 58 16 01 34 19 43 60 31 07 39 
00 05 05 06 08 09 10 19 27 28 28 31 40 40 41 47 48 52 60 61 63 18 58 16 01 34 19 43 60 31 07 39 
00 05 05 06 08 09 10 18 19 27 28 28 31 40 40 41 47 48 52 60 61 63 58 16 01 34 19 43 60 31 07 39 
00 05 05 06 08 09 10 18 19 27 28 28 31 40 40 41 47 48 52 58 60 61 63 16 01 34 19 43 60 31 07 39 
00 05 05 06 08 09 10 16 18 19 27 28 28 31 40 40 41 47 48 52 58 60 61 63 01 34 19 43 60 31 07 39 
00 01 05 05 06 08 09 10 16 18 19 27 28 28 31 40 40 41 47 48 52 58 60 61 63 34 19 43 60 31 07 39 
00 01 05 05 06 08 09 10 16 18 19 27 28 28 31 34 40 40 41 47 48 52 58 60 61 63 19 43 60 31 07 39 
00 01 05 05 06 08 09 10 16 18 19 19 27 28 28 31 34 40 40 41 47 48 52 58 60 61 63 43 60 31 07 39 
00 01 05 05 06 08 09 10 16 18 19 19 27 28 28 31 34 40 40 41 43 47 48 52 58 60 61 63 60 31 07 39 
00 01 05 05 06 08 09 10 16 18 19 19 27 28 28 31 34 40 40 41 43 47 48 52 58 60 60 61 63 31 07 39 
00 01 05 05 06 08 09 10 16 18 19 19 27 28 28 31 31 34 40 40 41 43 47 48 52 58 60 60 61 63 07 39 
00 01 05 05 06 07 08 09 10 16 18 19 19 27 28 28 31 31 34 40 40 41 43 47 48 52 58 60 60 61 63 39 
00 01 05 05 06 07 08 09 10 16 18 19 19 27 28 28 31 31 34 39 40 40 41 43 47 48 52 58 60 60 61 63 
Original array:
27 00 63 31 52 19 10 28 40 06 47 40 05 09 08 48 61 41 60 28 05 18 58 16 01 34 19 43 60 31 07 39 
Sorted array:
00 01 05 05 06 07 08 09 10 16 18 19 19 27 28 28 31 31 34 39 40 40 41 43 47 48 52 58 60 60 61 63 
Comparisons: 271 Swaps: 270
[Michal@CrimsonNight ex1]$ ./rand.out 8 | ./quicksort.out                                                                                                                                                         
Initial array:
12 05 09 09 03 11 13 12 
Array after partitions: 
1. 05 09 09 03 11 12 13 12 
2. 05 09 09 03 11 
3. 03 09 09 05 
4. -- 05 09 09 
5. -- -- 09 09 
2. -- -- -- -- -- -- 12 13 

Original array:
12 05 09 09 03 11 13 12 
Sorted array:
03 05 09 09 11 12 12 13 
Comparisons: 18 Swaps: 15
[Michal@CrimsonNight ex1]$ ./rand.out 32 | ./quicksort.out                                                                                                                                                         
Initial array:
38 01 11 40 48 36 31 53 12 63 09 15 49 54 24 04 12 25 49 48 19 51 31 34 50 32 62 56 59 51 25 02 
Array after partitions: 
1. 01 02 11 40 48 36 31 53 12 63 09 15 49 54 24 04 12 25 49 48 19 51 31 34 50 32 62 56 59 51 25 38 
2. -- -- 11 36 31 12 09 15 24 04 12 25 19 31 34 32 25 38 49 48 49 51 54 40 50 63 62 56 59 51 48 53 
3. -- -- 11 12 09 15 24 04 12 19 25 25 36 31 34 32 31 
4. -- -- 11 12 09 15 04 12 19 24 
5. -- -- 11 09 04 12 12 15 
6. -- -- 04 09 11 
7. -- -- -- 09 11 
6. -- -- -- -- -- -- 12 15 
4. -- -- -- -- -- -- -- -- -- -- -- 25 31 31 34 32 36 
5. -- -- -- -- -- -- -- -- -- -- -- -- -- 31 34 32 36 
6. -- -- -- -- -- -- -- -- -- -- -- -- -- 31 32 34 
3. -- -- -- -- -- -- -- -- -- -- -- -- -- -- -- -- -- -- 49 48 49 51 40 50 51 48 53 56 59 54 63 62 
4. -- -- -- -- -- -- -- -- -- -- -- -- -- -- -- -- -- -- 40 48 49 51 49 50 51 48 
5. -- -- -- -- -- -- -- -- -- -- -- -- -- -- -- -- -- -- -- -- 48 51 49 50 51 49 
6. -- -- -- -- -- -- -- -- -- -- -- -- -- -- -- -- -- -- -- -- -- 49 49 50 51 51 
7. -- -- -- -- -- -- -- -- -- -- -- -- -- -- -- -- -- -- -- -- -- -- 49 50 51 51 
8. -- -- -- -- -- -- -- -- -- -- -- -- -- -- -- -- -- -- -- -- -- -- 49 50 
4. -- -- -- -- -- -- -- -- -- -- -- -- -- -- -- -- -- -- -- -- -- -- -- -- -- -- -- 56 59 54 62 63 
5. -- -- -- -- -- -- -- -- -- -- -- -- -- -- -- -- -- -- -- -- -- -- -- -- -- -- -- 54 59 56 
6. -- -- -- -- -- -- -- -- -- -- -- -- -- -- -- -- -- -- -- -- -- -- -- -- -- -- -- -- 56 59 

Original array:
38 01 11 40 48 36 31 53 12 63 09 15 49 54 24 04 12 25 49 48 19 51 31 34 50 32 62 56 59 51 25 02 
Sorted array:
01 02 04 09 11 12 12 15 19 24 25 25 31 31 32 34 36 38 40 48 48 49 49 50 51 51 53 54 56 59 62 63 
Comparisons: 140 Swaps: 75
[Michal@CrimsonNight ex1]$ ./rand.out 8 | ./hybridsort.out                                                                                                                                                        
Usage: ./hybridsort.out <k>
[Michal@CrimsonNight ex1]$ ./rand.out 8 | ./hybridsort.out 5
Initial array:
09 08 11 15 09 08 03 02 
Array after partitions: 
Q1. 02 08 11 15 09 08 03 09 
Q2. -- 08 08 03 09 11 15 09 
I3. -- 03 08 
I3. -- -- -- -- -- 09 11 

Original array:
09 08 11 15 09 08 03 02 
Sorted array:
02 03 08 08 09 09 11 15 
Comparisons: 19 Swaps: 9
[Michal@CrimsonNight ex1]$ ./rand.out 32 | ./hybridsort.out 5                                                                                                                                                      
Initial array:
31 18 20 16 50 26 11 12 09 57 45 26 47 63 60 31 33 26 58 46 51 62 61 32 62 51 14 43 06 63 61 42 
Array after partitions: 
Q1. 31 18 20 16 26 11 12 09 26 31 33 26 32 14 06 42 45 50 58 46 51 62 61 47 62 51 63 43 60 63 61 57 
Q2. 06 18 20 16 26 11 12 09 26 31 33 26 32 14 31 
Q3. -- 18 20 16 26 11 12 09 26 26 14 31 32 33 31 
Q4. -- 11 12 09 14 18 20 16 26 26 26 
I5. -- 09 11 
Q5. -- -- -- -- -- 18 20 16 26 26 26 
I6. -- -- -- -- -- 16 18 
I6. -- -- -- -- -- -- -- -- -- 26 
I4. -- -- -- -- -- -- -- -- -- -- -- -- 31 32 
Q2. -- -- -- -- -- -- -- -- -- -- -- -- -- -- -- -- 45 50 46 51 47 51 43 57 62 62 63 61 60 63 61 58 
Q3. -- -- -- -- -- -- -- -- -- -- -- -- -- -- -- -- 43 50 46 51 47 51 45 
Q4. -- -- -- -- -- -- -- -- -- -- -- -- -- -- -- -- -- 45 46 51 47 51 50 
I5. -- -- -- -- -- -- -- -- -- -- -- -- -- -- -- -- -- -- 46 47 50 51 
Q3. -- -- -- -- -- -- -- -- -- -- -- -- -- -- -- -- -- -- -- -- -- -- -- -- 58 62 63 61 60 63 61 62 
Q4. -- -- -- -- -- -- -- -- -- -- -- -- -- -- -- -- -- -- -- -- -- -- -- -- -- 61 60 61 62 63 62 63 
I5. -- -- -- -- -- -- -- -- -- -- -- -- -- -- -- -- -- -- -- -- -- -- -- -- -- 60 61 
I5. -- -- -- -- -- -- -- -- -- -- -- -- -- -- -- -- -- -- -- -- -- -- -- -- -- -- -- -- -- 62 63 

Original array:
31 18 20 16 50 26 11 12 09 57 45 26 47 63 60 31 33 26 58 46 51 62 61 32 62 51 14 43 06 63 61 42 
Sorted array:
06 09 11 12 14 16 18 20 26 26 26 31 31 32 33 42 43 45 46 47 50 51 51 57 58 60 61 61 62 62 63 63 
Comparisons: 132 Swaps: 62
[Michal@CrimsonNight ex1]$ ./randinc.out 8 | ./insort.out    
Initial array:
00 03 11 14 14 14 15 15 
Array after insertions: 
00 03 11 14 14 14 15 15 
00 03 11 14 14 14 15 15 
00 03 11 14 14 14 15 15 
00 03 11 14 14 14 15 15 
00 03 11 14 14 14 15 15 
00 03 11 14 14 14 15 15 
00 03 11 14 14 14 15 15 
Original array:
00 03 11 14 14 14 15 15 
Sorted array:
00 03 11 14 14 14 15 15 
Comparisons: 7 Swaps: 7
[Michal@CrimsonNight ex1]$ ./randinc.out 32 | ./insort.out                                                                                                                                                         
Initial array:
01 01 04 05 05 06 06 07 07 07 10 11 13 16 21 27 29 31 33 35 37 39 39 40 42 42 48 52 57 59 60 62 
Array after insertions: 
01 01 04 05 05 06 06 07 07 07 10 11 13 16 21 27 29 31 33 35 37 39 39 40 42 42 48 52 57 59 60 62 
01 01 04 05 05 06 06 07 07 07 10 11 13 16 21 27 29 31 33 35 37 39 39 40 42 42 48 52 57 59 60 62 
01 01 04 05 05 06 06 07 07 07 10 11 13 16 21 27 29 31 33 35 37 39 39 40 42 42 48 52 57 59 60 62 
01 01 04 05 05 06 06 07 07 07 10 11 13 16 21 27 29 31 33 35 37 39 39 40 42 42 48 52 57 59 60 62 
01 01 04 05 05 06 06 07 07 07 10 11 13 16 21 27 29 31 33 35 37 39 39 40 42 42 48 52 57 59 60 62 
01 01 04 05 05 06 06 07 07 07 10 11 13 16 21 27 29 31 33 35 37 39 39 40 42 42 48 52 57 59 60 62 
01 01 04 05 05 06 06 07 07 07 10 11 13 16 21 27 29 31 33 35 37 39 39 40 42 42 48 52 57 59 60 62 
01 01 04 05 05 06 06 07 07 07 10 11 13 16 21 27 29 31 33 35 37 39 39 40 42 42 48 52 57 59 60 62 
01 01 04 05 05 06 06 07 07 07 10 11 13 16 21 27 29 31 33 35 37 39 39 40 42 42 48 52 57 59 60 62 
01 01 04 05 05 06 06 07 07 07 10 11 13 16 21 27 29 31 33 35 37 39 39 40 42 42 48 52 57 59 60 62 
01 01 04 05 05 06 06 07 07 07 10 11 13 16 21 27 29 31 33 35 37 39 39 40 42 42 48 52 57 59 60 62 
01 01 04 05 05 06 06 07 07 07 10 11 13 16 21 27 29 31 33 35 37 39 39 40 42 42 48 52 57 59 60 62 
01 01 04 05 05 06 06 07 07 07 10 11 13 16 21 27 29 31 33 35 37 39 39 40 42 42 48 52 57 59 60 62 
01 01 04 05 05 06 06 07 07 07 10 11 13 16 21 27 29 31 33 35 37 39 39 40 42 42 48 52 57 59 60 62 
01 01 04 05 05 06 06 07 07 07 10 11 13 16 21 27 29 31 33 35 37 39 39 40 42 42 48 52 57 59 60 62 
01 01 04 05 05 06 06 07 07 07 10 11 13 16 21 27 29 31 33 35 37 39 39 40 42 42 48 52 57 59 60 62 
01 01 04 05 05 06 06 07 07 07 10 11 13 16 21 27 29 31 33 35 37 39 39 40 42 42 48 52 57 59 60 62 
01 01 04 05 05 06 06 07 07 07 10 11 13 16 21 27 29 31 33 35 37 39 39 40 42 42 48 52 57 59 60 62 
01 01 04 05 05 06 06 07 07 07 10 11 13 16 21 27 29 31 33 35 37 39 39 40 42 42 48 52 57 59 60 62 
01 01 04 05 05 06 06 07 07 07 10 11 13 16 21 27 29 31 33 35 37 39 39 40 42 42 48 52 57 59 60 62 
01 01 04 05 05 06 06 07 07 07 10 11 13 16 21 27 29 31 33 35 37 39 39 40 42 42 48 52 57 59 60 62 
01 01 04 05 05 06 06 07 07 07 10 11 13 16 21 27 29 31 33 35 37 39 39 40 42 42 48 52 57 59 60 62 
01 01 04 05 05 06 06 07 07 07 10 11 13 16 21 27 29 31 33 35 37 39 39 40 42 42 48 52 57 59 60 62 
01 01 04 05 05 06 06 07 07 07 10 11 13 16 21 27 29 31 33 35 37 39 39 40 42 42 48 52 57 59 60 62 
01 01 04 05 05 06 06 07 07 07 10 11 13 16 21 27 29 31 33 35 37 39 39 40 42 42 48 52 57 59 60 62 
01 01 04 05 05 06 06 07 07 07 10 11 13 16 21 27 29 31 33 35 37 39 39 40 42 42 48 52 57 59 60 62 
01 01 04 05 05 06 06 07 07 07 10 11 13 16 21 27 29 31 33 35 37 39 39 40 42 42 48 52 57 59 60 62 
01 01 04 05 05 06 06 07 07 07 10 11 13 16 21 27 29 31 33 35 37 39 39 40 42 42 48 52 57 59 60 62 
01 01 04 05 05 06 06 07 07 07 10 11 13 16 21 27 29 31 33 35 37 39 39 40 42 42 48 52 57 59 60 62 
01 01 04 05 05 06 06 07 07 07 10 11 13 16 21 27 29 31 33 35 37 39 39 40 42 42 48 52 57 59 60 62 
01 01 04 05 05 06 06 07 07 07 10 11 13 16 21 27 29 31 33 35 37 39 39 40 42 42 48 52 57 59 60 62 
Original array:
01 01 04 05 05 06 06 07 07 07 10 11 13 16 21 27 29 31 33 35 37 39 39 40 42 42 48 52 57 59 60 62 
Sorted array:
01 01 04 05 05 06 06 07 07 07 10 11 13 16 21 27 29 31 33 35 37 39 39 40 42 42 48 52 57 59 60 62 
Comparisons: 31 Swaps: 31
[Michal@CrimsonNight ex1]$ ./randinc.out 8 | ./quicksort.out                                                                                                                                                       
Initial array:
07 07 08 09 10 11 11 15 
Array after partitions: 
1. 07 07 08 09 10 11 11 15 
2. 07 07 08 09 10 11 11 
3. 07 07 08 09 10 
4. 07 07 08 09 
5. 07 07 08 
6. 07 07 

Original array:
07 07 08 09 10 11 11 15 
Sorted array:
07 07 08 09 10 11 11 15 
Comparisons: 23 Swaps: 27
[Michal@CrimsonNight ex1]$ ./randinc.out 32 | ./quicksort.out                                                                                                                                                      
Initial array:
00 03 04 07 08 11 17 20 21 22 24 27 28 29 32 33 35 36 37 37 40 45 45 48 55 57 57 58 59 59 60 61 
Array after partitions: 
1. 00 03 04 07 08 11 17 20 21 22 24 27 28 29 32 33 35 36 37 37 40 45 45 48 55 57 57 58 59 59 60 61 
2. 00 03 04 07 08 11 17 20 21 22 24 27 28 29 32 33 35 36 37 37 40 45 45 48 55 57 57 58 59 59 60 
3. 00 03 04 07 08 11 17 20 21 22 24 27 28 29 32 33 35 36 37 37 40 45 45 48 55 57 57 58 59 59 
4. 00 03 04 07 08 11 17 20 21 22 24 27 28 29 32 33 35 36 37 37 40 45 45 48 55 57 57 58 
5. 00 03 04 07 08 11 17 20 21 22 24 27 28 29 32 33 35 36 37 37 40 45 45 48 55 57 57 
6. 00 03 04 07 08 11 17 20 21 22 24 27 28 29 32 33 35 36 37 37 40 45 45 48 55 
7. 00 03 04 07 08 11 17 20 21 22 24 27 28 29 32 33 35 36 37 37 40 45 45 48 
8. 00 03 04 07 08 11 17 20 21 22 24 27 28 29 32 33 35 36 37 37 40 45 45 
9. 00 03 04 07 08 11 17 20 21 22 24 27 28 29 32 33 35 36 37 37 40 
10. 00 03 04 07 08 11 17 20 21 22 24 27 28 29 32 33 35 36 37 37 
11. 00 03 04 07 08 11 17 20 21 22 24 27 28 29 32 33 35 36 
12. 00 03 04 07 08 11 17 20 21 22 24 27 28 29 32 33 35 
13. 00 03 04 07 08 11 17 20 21 22 24 27 28 29 32 33 
14. 00 03 04 07 08 11 17 20 21 22 24 27 28 29 32 
15. 00 03 04 07 08 11 17 20 21 22 24 27 28 29 
16. 00 03 04 07 08 11 17 20 21 22 24 27 28 
17. 00 03 04 07 08 11 17 20 21 22 24 27 
18. 00 03 04 07 08 11 17 20 21 22 24 
19. 00 03 04 07 08 11 17 20 21 22 
20. 00 03 04 07 08 11 17 20 21 
21. 00 03 04 07 08 11 17 20 
22. 00 03 04 07 08 11 17 
23. 00 03 04 07 08 11 
24. 00 03 04 07 08 
25. 00 03 04 07 
26. 00 03 04 
27. 00 03 

Original array:
00 03 04 07 08 11 17 20 21 22 24 27 28 29 32 33 35 36 37 37 40 45 45 48 55 57 57 58 59 59 60 61 
Sorted array:
00 03 04 07 08 11 17 20 21 22 24 27 28 29 32 33 35 36 37 37 40 45 45 48 55 57 57 58 59 59 60 61 
Comparisons: 404 Swaps: 427
[Michal@CrimsonNight ex1]$ ./randinc.out 8 | ./hybridsort.out 5                                                                                                                                                   
Initial array:
00 01 06 07 07 10 12 14 
Array after partitions: 
Q1. 00 01 06 07 07 10 12 14 
Q2. 00 01 06 07 07 10 12 
Q3. 00 01 06 07 07 10 
I4. 00 01 06 07 

Original array:
00 01 06 07 07 10 12 14 
Sorted array:
00 01 06 07 07 10 12 14 
Comparisons: 22 Swaps: 21
[Michal@CrimsonNight ex1]$ ./randinc.out 32 | ./hybridsort.out 5                                                                                                                                                   
Initial array:
02 02 03 03 05 06 06 14 20 21 22 23 30 31 31 33 34 36 36 39 42 44 46 46 49 50 51 57 59 61 62 62 
Array after partitions: 
Q1. 02 02 03 03 05 06 06 14 20 21 22 23 30 31 31 33 34 36 36 39 42 44 46 46 49 50 51 57 59 61 62 62 
Q2. 02 02 03 03 05 06 06 14 20 21 22 23 30 31 31 33 34 36 36 39 42 44 46 46 49 50 51 57 59 61 
Q3. 02 02 03 03 05 06 06 14 20 21 22 23 30 31 31 33 34 36 36 39 42 44 46 46 49 50 51 57 59 
Q4. 02 02 03 03 05 06 06 14 20 21 22 23 30 31 31 33 34 36 36 39 42 44 46 46 49 50 51 57 
Q5. 02 02 03 03 05 06 06 14 20 21 22 23 30 31 31 33 34 36 36 39 42 44 46 46 49 50 51 
Q6. 02 02 03 03 05 06 06 14 20 21 22 23 30 31 31 33 34 36 36 39 42 44 46 46 49 50 
Q7. 02 02 03 03 05 06 06 14 20 21 22 23 30 31 31 33 34 36 36 39 42 44 46 46 49 
Q8. 02 02 03 03 05 06 06 14 20 21 22 23 30 31 31 33 34 36 36 39 42 44 46 46 
Q9. 02 02 03 03 05 06 06 14 20 21 22 23 30 31 31 33 34 36 36 39 42 44 
Q10. 02 02 03 03 05 06 06 14 20 21 22 23 30 31 31 33 34 36 36 39 42 
Q11. 02 02 03 03 05 06 06 14 20 21 22 23 30 31 31 33 34 36 36 39 
Q12. 02 02 03 03 05 06 06 14 20 21 22 23 30 31 31 33 34 36 36 
Q13. 02 02 03 03 05 06 06 14 20 21 22 23 30 31 31 33 34 
Q14. 02 02 03 03 05 06 06 14 20 21 22 23 30 31 31 33 
Q15. 02 02 03 03 05 06 06 14 20 21 22 23 30 31 31 
Q16. 02 02 03 03 05 06 06 14 20 21 22 23 30 
Q17. 02 02 03 03 05 06 06 14 20 21 22 23 
Q18. 02 02 03 03 05 06 06 14 20 21 22 
Q19. 02 02 03 03 05 06 06 14 20 21 
Q20. 02 02 03 03 05 06 06 14 20 
Q21. 02 02 03 03 05 06 06 14 
Q22. 02 02 03 03 05 06 06 
I23. 02 02 03 03 

Original array:
02 02 03 03 05 06 06 14 20 21 22 23 30 31 31 33 34 36 36 39 42 44 46 46 49 50 51 57 59 61 62 62 
Sorted array:
02 02 03 03 05 06 06 14 20 21 22 23 30 31 31 33 34 36 36 39 42 44 46 46 49 50 51 57 59 61 62 62 
Comparisons: 403 Swaps: 416
[Michal@CrimsonNight ex1]$ ./randdes.out 8 | ./insort.out       
Initial array:
14 10 09 07 06 05 04 01 
Array after insertions: 
10 14 09 07 06 05 04 01 
09 10 14 07 06 05 04 01 
07 09 10 14 06 05 04 01 
06 07 09 10 14 05 04 01 
05 06 07 09 10 14 04 01 
04 05 06 07 09 10 14 01 
01 04 05 06 07 09 10 14 
Original array:
14 10 09 07 06 05 04 01 
Sorted array:
01 04 05 06 07 09 10 14 
Comparisons: 35 Swaps: 28
[Michal@CrimsonNight ex1]$ ./randdes.out 32 | ./insort.out                                                                                                                                                         
Initial array:
62 62 61 56 53 52 51 48 47 46 46 43 42 42 41 37 36 35 32 29 23 22 21 20 18 17 15 15 12 11 11 06 
Array after insertions: 
62 62 61 56 53 52 51 48 47 46 46 43 42 42 41 37 36 35 32 29 23 22 21 20 18 17 15 15 12 11 11 06 
61 62 62 56 53 52 51 48 47 46 46 43 42 42 41 37 36 35 32 29 23 22 21 20 18 17 15 15 12 11 11 06 
56 61 62 62 53 52 51 48 47 46 46 43 42 42 41 37 36 35 32 29 23 22 21 20 18 17 15 15 12 11 11 06 
53 56 61 62 62 52 51 48 47 46 46 43 42 42 41 37 36 35 32 29 23 22 21 20 18 17 15 15 12 11 11 06 
52 53 56 61 62 62 51 48 47 46 46 43 42 42 41 37 36 35 32 29 23 22 21 20 18 17 15 15 12 11 11 06 
51 52 53 56 61 62 62 48 47 46 46 43 42 42 41 37 36 35 32 29 23 22 21 20 18 17 15 15 12 11 11 06 
48 51 52 53 56 61 62 62 47 46 46 43 42 42 41 37 36 35 32 29 23 22 21 20 18 17 15 15 12 11 11 06 
47 48 51 52 53 56 61 62 62 46 46 43 42 42 41 37 36 35 32 29 23 22 21 20 18 17 15 15 12 11 11 06 
46 47 48 51 52 53 56 61 62 62 46 43 42 42 41 37 36 35 32 29 23 22 21 20 18 17 15 15 12 11 11 06 
46 46 47 48 51 52 53 56 61 62 62 43 42 42 41 37 36 35 32 29 23 22 21 20 18 17 15 15 12 11 11 06 
43 46 46 47 48 51 52 53 56 61 62 62 42 42 41 37 36 35 32 29 23 22 21 20 18 17 15 15 12 11 11 06 
42 43 46 46 47 48 51 52 53 56 61 62 62 42 41 37 36 35 32 29 23 22 21 20 18 17 15 15 12 11 11 06 
42 42 43 46 46 47 48 51 52 53 56 61 62 62 41 37 36 35 32 29 23 22 21 20 18 17 15 15 12 11 11 06 
41 42 42 43 46 46 47 48 51 52 53 56 61 62 62 37 36 35 32 29 23 22 21 20 18 17 15 15 12 11 11 06 
37 41 42 42 43 46 46 47 48 51 52 53 56 61 62 62 36 35 32 29 23 22 21 20 18 17 15 15 12 11 11 06 
36 37 41 42 42 43 46 46 47 48 51 52 53 56 61 62 62 35 32 29 23 22 21 20 18 17 15 15 12 11 11 06 
35 36 37 41 42 42 43 46 46 47 48 51 52 53 56 61 62 62 32 29 23 22 21 20 18 17 15 15 12 11 11 06 
32 35 36 37 41 42 42 43 46 46 47 48 51 52 53 56 61 62 62 29 23 22 21 20 18 17 15 15 12 11 11 06 
29 32 35 36 37 41 42 42 43 46 46 47 48 51 52 53 56 61 62 62 23 22 21 20 18 17 15 15 12 11 11 06 
23 29 32 35 36 37 41 42 42 43 46 46 47 48 51 52 53 56 61 62 62 22 21 20 18 17 15 15 12 11 11 06 
22 23 29 32 35 36 37 41 42 42 43 46 46 47 48 51 52 53 56 61 62 62 21 20 18 17 15 15 12 11 11 06 
21 22 23 29 32 35 36 37 41 42 42 43 46 46 47 48 51 52 53 56 61 62 62 20 18 17 15 15 12 11 11 06 
20 21 22 23 29 32 35 36 37 41 42 42 43 46 46 47 48 51 52 53 56 61 62 62 18 17 15 15 12 11 11 06 
18 20 21 22 23 29 32 35 36 37 41 42 42 43 46 46 47 48 51 52 53 56 61 62 62 17 15 15 12 11 11 06 
17 18 20 21 22 23 29 32 35 36 37 41 42 42 43 46 46 47 48 51 52 53 56 61 62 62 15 15 12 11 11 06 
15 17 18 20 21 22 23 29 32 35 36 37 41 42 42 43 46 46 47 48 51 52 53 56 61 62 62 15 12 11 11 06 
15 15 17 18 20 21 22 23 29 32 35 36 37 41 42 42 43 46 46 47 48 51 52 53 56 61 62 62 12 11 11 06 
12 15 15 17 18 20 21 22 23 29 32 35 36 37 41 42 42 43 46 46 47 48 51 52 53 56 61 62 62 11 11 06 
11 12 15 15 17 18 20 21 22 23 29 32 35 36 37 41 42 42 43 46 46 47 48 51 52 53 56 61 62 62 11 06 
11 11 12 15 15 17 18 20 21 22 23 29 32 35 36 37 41 42 42 43 46 46 47 48 51 52 53 56 61 62 62 06 
06 11 11 12 15 15 17 18 20 21 22 23 29 32 35 36 37 41 42 42 43 46 46 47 48 51 52 53 56 61 62 62 
Original array:
62 62 61 56 53 52 51 48 47 46 46 43 42 42 41 37 36 35 32 29 23 22 21 20 18 17 15 15 12 11 11 06 
Sorted array:
06 11 11 12 15 15 17 18 20 21 22 23 29 32 35 36 37 41 42 42 43 46 46 47 48 51 52 53 56 61 62 62 
Comparisons: 522 Swaps: 496
[Michal@CrimsonNight ex1]$ ./randdes.out 8 | ./quicksort.out                                                                                                                                                       
Initial array:
14 12 09 06 05 03 00 00 
Array after partitions: 
1. 00 12 09 06 05 03 00 14 
2. -- 12 09 06 05 03 00 14 
3. -- 00 09 06 05 03 12 
4. -- -- 09 06 05 03 12 
5. -- -- 03 06 05 09 
6. -- -- -- 06 05 09 
7. -- -- -- 05 06 

Original array:
14 12 09 06 05 03 00 00 
Sorted array:
00 00 03 05 06 09 12 14 
Comparisons: 28 Swaps: 19
[Michal@CrimsonNight ex1]$ ./randdes.out 32 | ./quicksort.out                                                                                                                                                      
Initial array:
61 57 56 51 49 43 42 41 40 39 37 34 32 31 31 30 27 24 19 14 13 11 09 07 06 06 05 04 03 02 02 02 
Array after partitions: 
1. 02 57 56 51 49 43 42 41 40 39 37 34 32 31 31 30 27 24 19 14 13 11 09 07 06 06 05 04 03 02 02 61 
2. -- 57 56 51 49 43 42 41 40 39 37 34 32 31 31 30 27 24 19 14 13 11 09 07 06 06 05 04 03 02 02 61 
3. -- 02 56 51 49 43 42 41 40 39 37 34 32 31 31 30 27 24 19 14 13 11 09 07 06 06 05 04 03 02 57 
4. -- -- 56 51 49 43 42 41 40 39 37 34 32 31 31 30 27 24 19 14 13 11 09 07 06 06 05 04 03 02 57 
5. -- -- 02 51 49 43 42 41 40 39 37 34 32 31 31 30 27 24 19 14 13 11 09 07 06 06 05 04 03 56 
6. -- -- -- 51 49 43 42 41 40 39 37 34 32 31 31 30 27 24 19 14 13 11 09 07 06 06 05 04 03 56 
7. -- -- -- 03 49 43 42 41 40 39 37 34 32 31 31 30 27 24 19 14 13 11 09 07 06 06 05 04 51 
8. -- -- -- -- 49 43 42 41 40 39 37 34 32 31 31 30 27 24 19 14 13 11 09 07 06 06 05 04 51 
9. -- -- -- -- 04 43 42 41 40 39 37 34 32 31 31 30 27 24 19 14 13 11 09 07 06 06 05 49 
10. -- -- -- -- -- 43 42 41 40 39 37 34 32 31 31 30 27 24 19 14 13 11 09 07 06 06 05 49 
11. -- -- -- -- -- 05 42 41 40 39 37 34 32 31 31 30 27 24 19 14 13 11 09 07 06 06 43 
12. -- -- -- -- -- -- 42 41 40 39 37 34 32 31 31 30 27 24 19 14 13 11 09 07 06 06 43 
13. -- -- -- -- -- -- 06 41 40 39 37 34 32 31 31 30 27 24 19 14 13 11 09 07 06 42 
14. -- -- -- -- -- -- -- 41 40 39 37 34 32 31 31 30 27 24 19 14 13 11 09 07 06 42 
15. -- -- -- -- -- -- -- 06 40 39 37 34 32 31 31 30 27 24 19 14 13 11 09 07 41 
16. -- -- -- -- -- -- -- -- 40 39 37 34 32 31 31 30 27 24 19 14 13 11 09 07 41 
17. -- -- -- -- -- -- -- -- 07 39 37 34 32 31 31 30 27 24 19 14 13 11 09 40 
18. -- -- -- -- -- -- -- -- -- 39 37 34 32 31 31 30 27 24 19 14 13 11 09 40 
19. -- -- -- -- -- -- -- -- -- 09 37 34 32 31 31 30 27 24 19 14 13 11 39 
20. -- -- -- -- -- -- -- -- -- -- 37 34 32 31 31 30 27 24 19 14 13 11 39 
21. -- -- -- -- -- -- -- -- -- -- 11 34 32 31 31 30 27 24 19 14 13 37 
22. -- -- -- -- -- -- -- -- -- -- -- 34 32 31 31 30 27 24 19 14 13 37 
23. -- -- -- -- -- -- -- -- -- -- -- 13 32 31 31 30 27 24 19 14 34 
24. -- -- -- -- -- -- -- -- -- -- -- -- 32 31 31 30 27 24 19 14 34 
25. -- -- -- -- -- -- -- -- -- -- -- -- 14 31 31 30 27 24 19 32 
26. -- -- -- -- -- -- -- -- -- -- -- -- -- 31 31 30 27 24 19 32 
27. -- -- -- -- -- -- -- -- -- -- -- -- -- 19 31 30 27 24 31 
28. -- -- -- -- -- -- -- -- -- -- -- -- -- -- 30 27 24 31 31 
29. -- -- -- -- -- -- -- -- -- -- -- -- -- -- 24 27 30 
30. -- -- -- -- -- -- -- -- -- -- -- -- -- -- -- 27 30 

Original array:
61 57 56 51 49 43 42 41 40 39 37 34 32 31 31 30 27 24 19 14 13 11 09 07 06 06 05 04 03 02 02 02 
Sorted array:
02 02 02 03 04 05 06 06 07 09 11 13 14 19 24 27 30 31 31 32 34 37 39 40 41 42 43 49 51 56 57 61 
Comparisons: 493 Swaps: 268
[Michal@CrimsonNight ex1]$ ./randdes.out 8 | ./hybridsort.out 5                                                                                                                                                   
Initial array:
15 14 09 08 06 02 01 00 
Array after partitions: 
Q1. 00 14 09 08 06 02 01 15 
Q2. -- 14 09 08 06 02 01 15 
Q3. -- 01 09 08 06 02 14 
I4. -- -- 02 06 08 09 

Original array:
15 14 09 08 06 02 01 00 
Sorted array:
00 01 02 06 08 09 14 15 
Comparisons: 25 Swaps: 15
[Michal@CrimsonNight ex1]$ ./randdes.out 32 | ./hybridsort.out 5                                                                                                                                                   
Initial array:
63 60 59 58 56 56 49 47 47 46 43 42 40 36 36 33 33 31 29 26 24 22 22 17 14 11 11 09 08 06 04 01 
Array after partitions: 
Q1. 01 60 59 58 56 56 49 47 47 46 43 42 40 36 36 33 33 31 29 26 24 22 22 17 14 11 11 09 08 06 04 63 
Q2. -- 60 59 58 56 56 49 47 47 46 43 42 40 36 36 33 33 31 29 26 24 22 22 17 14 11 11 09 08 06 04 63 
Q3. -- 04 59 58 56 56 49 47 47 46 43 42 40 36 36 33 33 31 29 26 24 22 22 17 14 11 11 09 08 06 60 
Q4. -- -- 59 58 56 56 49 47 47 46 43 42 40 36 36 33 33 31 29 26 24 22 22 17 14 11 11 09 08 06 60 
Q5. -- -- 06 58 56 56 49 47 47 46 43 42 40 36 36 33 33 31 29 26 24 22 22 17 14 11 11 09 08 59 
Q6. -- -- -- 58 56 56 49 47 47 46 43 42 40 36 36 33 33 31 29 26 24 22 22 17 14 11 11 09 08 59 
Q7. -- -- -- 08 56 56 49 47 47 46 43 42 40 36 36 33 33 31 29 26 24 22 22 17 14 11 11 09 58 
Q8. -- -- -- -- 56 56 49 47 47 46 43 42 40 36 36 33 33 31 29 26 24 22 22 17 14 11 11 09 58 
Q9. -- -- -- -- 09 56 49 47 47 46 43 42 40 36 36 33 33 31 29 26 24 22 22 17 14 11 11 56 
Q10. -- -- -- -- -- 49 47 47 46 43 42 40 36 36 33 33 31 29 26 24 22 22 17 14 11 11 56 56 
Q11. -- -- -- -- -- 11 47 47 46 43 42 40 36 36 33 33 31 29 26 24 22 22 17 14 11 49 
Q12. -- -- -- -- -- -- 47 47 46 43 42 40 36 36 33 33 31 29 26 24 22 22 17 14 11 49 
Q13. -- -- -- -- -- -- 11 47 46 43 42 40 36 36 33 33 31 29 26 24 22 22 17 14 47 
Q14. -- -- -- -- -- -- -- 46 43 42 40 36 36 33 33 31 29 26 24 22 22 17 14 47 47 
Q15. -- -- -- -- -- -- -- 14 43 42 40 36 36 33 33 31 29 26 24 22 22 17 46 
Q16. -- -- -- -- -- -- -- -- 43 42 40 36 36 33 33 31 29 26 24 22 22 17 46 
Q17. -- -- -- -- -- -- -- -- 17 42 40 36 36 33 33 31 29 26 24 22 22 43 
Q18. -- -- -- -- -- -- -- -- -- 42 40 36 36 33 33 31 29 26 24 22 22 43 
Q19. -- -- -- -- -- -- -- -- -- 22 40 36 36 33 33 31 29 26 24 22 42 
Q20. -- -- -- -- -- -- -- -- -- -- 40 36 36 33 33 31 29 26 24 22 42 
Q21. -- -- -- -- -- -- -- -- -- -- 22 36 36 33 33 31 29 26 24 40 
Q22. -- -- -- -- -- -- -- -- -- -- -- 36 36 33 33 31 29 26 24 40 
Q23. -- -- -- -- -- -- -- -- -- -- -- 24 36 33 33 31 29 26 36 
Q24. -- -- -- -- -- -- -- -- -- -- -- -- 33 33 31 29 26 36 36 
I25. -- -- -- -- -- -- -- -- -- -- -- -- 26 29 31 33 

Original array:
63 60 59 58 56 56 49 47 47 46 43 42 40 36 36 33 33 31 29 26 24 22 22 17 14 11 11 09 08 06 04 01 
Sorted array:
01 04 06 08 09 11 11 14 17 22 22 24 26 29 31 33 33 36 36 40 42 43 46 47 47 49 56 56 58 59 60 63 
Comparisons: 454 Swaps: 246
[Michal@CrimsonNight ex1]$ cd ../ex2
[Michal@CrimsonNight ex2]$ ./checkhybrid.sh 
rm: cannot remove 'hybrid.txt': No such file or directory
[Michal@CrimsonNight ex2]$ python hybrid.p
hybrid.png  hybrid.py   
[Michal@CrimsonNight ex2]$ python hybrid.py
Min comparisons for k =  7 
Min swaps for k =  5
[Michal@CrimsonNight ex2]$ cd ../ex3
[Michal@CrimsonNight ex3]$ make mysort         
g++ -Wall -Wextra mysort.cpp -o mysort.out
[Michal@CrimsonNight ex3]$ ../ex1/rand.out 8 | ./mysort.out 
Initial array:
09 11 08 14 13 15 02 13 
Array after merges: 
3. 08 09 11 14 
2. 08 09 11 13 14 15 
1. 02 08 09 11 13 13 14 15 

Original array:
09 11 08 14 13 15 02 13 
Sorted array:
02 08 09 11 13 13 14 15 
Comparisons: 22 Swaps: 18
[Michal@CrimsonNight ex3]$ ../ex1/rand.out 32 | ./mysort.out                                                                                                                                                       
Initial array:
19 35 40 60 35 46 45 36 20 27 33 31 07 37 36 34 00 29 54 63 38 47 62 20 00 04 34 59 26 62 11 46 
Array after merges: 
4. 19 35 35 40 46 60 
5. -- -- -- -- -- -- 36 45 
4. -- -- -- -- -- -- 20 27 33 36 45 
3. 19 20 27 33 35 35 36 40 45 46 60 
5. -- -- -- -- -- -- -- -- -- -- -- 07 31 37 
5. -- -- -- -- -- -- -- -- -- -- -- -- -- -- 34 36 
4. -- -- -- -- -- -- -- -- -- -- -- 07 31 34 36 37 
3. -- -- -- -- -- -- -- -- -- -- -- 00 07 29 31 34 36 37 54 63 
2. 00 07 19 20 27 29 31 33 34 35 35 36 36 37 40 45 46 54 60 63 
4. -- -- -- -- -- -- -- -- -- -- -- -- -- -- -- -- -- -- -- -- 20 38 47 62 
3. -- -- -- -- -- -- -- -- -- -- -- -- -- -- -- -- -- -- -- -- 00 04 20 34 38 47 59 62 
3. -- -- -- -- -- -- -- -- -- -- -- -- -- -- -- -- -- -- -- -- -- -- -- -- -- -- -- -- 11 26 46 62 
2. -- -- -- -- -- -- -- -- -- -- -- -- -- -- -- -- -- -- -- -- 00 04 11 20 26 34 38 46 47 59 62 62 
1. 00 00 04 07 11 19 20 20 26 27 29 31 33 34 34 35 35 36 36 37 38 40 45 46 46 47 54 59 60 62 62 63 

Original array:
19 35 40 60 35 46 45 36 20 27 33 31 07 37 36 34 00 29 54 63 38 47 62 20 00 04 34 59 26 62 11 46 
Sorted array:
00 00 04 07 11 19 20 20 26 27 29 31 33 34 34 35 35 36 36 37 38 40 45 46 46 47 54 59 60 62 62 63 
Comparisons: 139 Swaps: 123
[Michal@CrimsonNight ex3]$ ../ex1/randinc.out 8 | ./mysort.out                                                                                                                                                     
Initial array:
00 01 02 04 04 06 07 07 
Array after merges: 

Original array:
00 01 02 04 04 06 07 07 
Sorted array:
00 01 02 04 04 06 07 07 
Comparisons: 7 Swaps: 0
[Michal@CrimsonNight ex3]$ ../ex1/randinc.out 32 | ./mysort.out                                                                                                                                                    
Initial array:
02 02 03 12 13 15 15 18 18 22 27 28 35 38 38 44 47 47 48 48 48 49 50 54 55 57 58 58 59 60 61 63 
Array after merges: 

Original array:
02 02 03 12 13 15 15 18 18 22 27 28 35 38 38 44 47 47 48 48 48 49 50 54 55 57 58 58 59 60 61 63 
Sorted array:
02 02 03 12 13 15 15 18 18 22 27 28 35 38 38 44 47 47 48 48 48 49 50 54 55 57 58 58 59 60 61 63 
Comparisons: 31 Swaps: 0
[Michal@CrimsonNight ex3]$ ../ex1/randdec.out 8 | ./mysort.out                                                                                                                                                     
-bash: ../ex1/randdec.out: No such file or directory
Bus error (core dumped)
[Michal@CrimsonNight ex3]$ ../ex1/randdes.out 8 | ./mysort.out                                                                                                                                                     
Initial array:
14 14 13 12 12 11 10 01 
Array after merges: 
3. 13 14 14 
2. 12 12 13 14 14 
3. -- -- -- -- -- 10 11 
2. -- -- -- -- -- 01 10 11 
1. 01 10 11 12 12 13 14 14 

Original array:
14 14 13 12 12 11 10 01 
Sorted array:
01 10 11 12 12 13 14 14 
Comparisons: 15 Swaps: 21
[Michal@CrimsonNight ex3]$ ../ex1/randdes.out 32 | ./mysort.out                                                                                                                                                    
Initial array:
63 63 62 60 58 54 52 52 51 49 48 48 46 44 43 40 38 37 36 36 36 34 34 29 27 25 17 11 11 10 06 00 
Array after merges: 
5. 62 63 63 
5. -- -- -- 58 60 
4. 58 60 62 63 63 
5. -- -- -- -- -- 52 52 54 
4. -- -- -- -- -- 51 52 52 54 
3. 51 52 52 54 58 60 62 63 63 
5. -- -- -- -- -- -- -- -- -- 48 48 49 
5. -- -- -- -- -- -- -- -- -- -- -- -- 44 46 
4. -- -- -- -- -- -- -- -- -- 44 46 48 48 49 
5. -- -- -- -- -- -- -- -- -- -- -- -- -- -- 40 43 
4. -- -- -- -- -- -- -- -- -- -- -- -- -- -- 38 40 43 
3. -- -- -- -- -- -- -- -- -- 38 40 43 44 46 48 48 49 
2. 38 40 43 44 46 48 48 49 51 52 52 54 58 60 62 63 63 
5. -- -- -- -- -- -- -- -- -- -- -- -- -- -- -- -- -- 36 36 36 37 
4. -- -- -- -- -- -- -- -- -- -- -- -- -- -- -- -- -- 34 34 36 36 36 37 
4. -- -- -- -- -- -- -- -- -- -- -- -- -- -- -- -- -- -- -- -- -- -- -- 27 29 
3. -- -- -- -- -- -- -- -- -- -- -- -- -- -- -- -- -- 27 29 34 34 36 36 36 37 
5. -- -- -- -- -- -- -- -- -- -- -- -- -- -- -- -- -- -- -- -- -- -- -- -- -- 17 25 
4. -- -- -- -- -- -- -- -- -- -- -- -- -- -- -- -- -- -- -- -- -- -- -- -- -- 11 11 17 25 
5. -- -- -- -- -- -- -- -- -- -- -- -- -- -- -- -- -- -- -- -- -- -- -- -- -- -- -- -- -- 06 10 
4. -- -- -- -- -- -- -- -- -- -- -- -- -- -- -- -- -- -- -- -- -- -- -- -- -- -- -- -- -- 00 06 10 
3. -- -- -- -- -- -- -- -- -- -- -- -- -- -- -- -- -- -- -- -- -- -- -- -- -- 00 06 10 11 11 17 25 
2. -- -- -- -- -- -- -- -- -- -- -- -- -- -- -- -- -- 00 06 10 11 11 17 25 27 29 34 34 36 36 36 37 
1. 00 06 10 11 11 17 25 27 29 34 34 36 36 36 37 38 40 43 44 46 48 48 49 51 52 52 54 58 60 62 63 63 

Original array:
63 63 62 60 58 54 52 52 51 49 48 48 46 44 43 40 38 37 36 36 36 34 34 29 27 25 17 11 11 10 06 00 
Sorted array:
00 06 10 11 11 17 25 27 29 34 34 36 36 36 37 38 40 43 44 46 48 48 49 51 52 52 54 58 60 62 63 63 
Comparisons: 99 Swaps: 151
[Michal@CrimsonNight ex3]$ cd ../ex4                                                                                                                                                                               
[Michal@CrimsonNight ex4]$ make dpqs
g++ -Wall -Wextra dpqs.cpp -o dpqs.out
[Michal@CrimsonNight ex4]$ ../ex1/rand.out 8 | ./dpqs.out 
Initial array:
03 10 12 14 11 06 00 09 
Array after partitions: 
1. 00 03 06 09 14 12 10 11 
2. -- -- -- -- 10 11 12 14 

Original array:
03 10 12 14 11 06 00 09 
Sorted array:
00 03 06 09 10 11 12 14 
Comparisons: 14 Swaps: 11
[Michal@CrimsonNight ex4]$ ../ex1/rand.out 32 | ./dpqs.out                                                                                                                                                         
Initial array:
31 01 35 37 55 09 45 19 54 35 32 11 29 24 14 21 35 10 03 60 07 02 00 26 11 45 11 31 48 63 11 60 
Array after partitions: 
1. 11 01 09 19 11 29 24 14 21 10 03 07 02 00 26 11 11 31 32 60 55 35 45 37 54 45 35 31 48 35 60 63 
2. 10 01 09 00 02 07 03 11 11 11 11 14 24 26 29 19 21 
3. 02 01 00 03 09 07 10 
4. 00 01 02 
4. -- -- -- -- 07 09 
3. -- -- -- -- -- -- -- -- 11 11 
3. -- -- -- -- -- -- -- -- -- -- -- 14 19 21 26 24 29 
4. -- -- -- -- -- -- -- -- -- -- -- -- -- -- 24 26 29 
2. -- -- -- -- -- -- -- -- -- -- -- -- -- -- -- -- -- -- 31 32 35 35 35 54 45 45 55 48 60 37 
3. -- -- -- -- -- -- -- -- -- -- -- -- -- -- -- -- -- -- -- -- 35 35 
3. -- -- -- -- -- -- -- -- -- -- -- -- -- -- -- -- -- -- -- -- -- -- -- 37 45 45 48 54 55 60 
4. -- -- -- -- -- -- -- -- -- -- -- -- -- -- -- -- -- -- -- -- -- -- -- -- 45 45 48 
4. -- -- -- -- -- -- -- -- -- -- -- -- -- -- -- -- -- -- -- -- -- -- -- -- -- -- -- -- 55 60 

Original array:
31 01 35 37 55 09 45 19 54 35 32 11 29 24 14 21 35 10 03 60 07 02 00 26 11 45 11 31 48 63 11 60 
Sorted array:
00 01 02 03 07 09 10 11 11 11 11 14 19 21 24 26 29 31 31 32 35 35 35 37 45 45 48 54 55 60 60 63 
Comparisons: 115 Swaps: 78
[Michal@CrimsonNight ex4]$ ../ex1/randinc.out 8 | ./dpqs.out                                                                                                                                                       
Initial array:
02 02 05 08 09 11 11 15 
Array after partitions: 
1. 02 02 05 08 09 11 11 15 
2. -- 02 05 08 09 11 11 
3. -- -- 05 08 09 11 
4. -- -- -- 08 09 

Original array:
02 02 05 08 09 11 11 15 
Sorted array:
02 02 05 08 09 11 11 15 
Comparisons: 24 Swaps: 8
[Michal@CrimsonNight ex4]$ ../ex1/randinc.out 32 | ./dpqs.out                                                                                                                                                      
Initial array:
00 01 04 15 16 21 25 27 27 30 33 35 36 38 40 40 40 43 44 50 54 55 55 56 58 59 60 60 61 61 63 63 
Array after partitions: 
1. 00 01 04 15 16 21 25 27 27 30 33 35 36 38 40 40 40 43 44 50 54 55 55 56 58 59 60 60 61 61 63 63 
2. -- 01 04 15 16 21 25 27 27 30 33 35 36 38 40 40 40 43 44 50 54 55 55 56 58 59 60 60 61 61 63 
3. -- -- 04 15 16 21 25 27 27 30 33 35 36 38 40 40 40 43 44 50 54 55 55 56 58 59 60 60 61 61 
4. -- -- -- 15 16 21 25 27 27 30 33 35 36 38 40 40 40 43 44 50 54 55 55 56 58 59 60 60 61 
5. -- -- -- -- 16 21 25 27 27 30 33 35 36 38 40 40 40 43 44 50 54 55 55 56 58 59 60 60 
6. -- -- -- -- -- 21 25 27 27 30 33 35 36 38 40 40 40 43 44 50 54 55 55 56 58 59 60 
7. -- -- -- -- -- -- 25 27 27 30 33 35 36 38 40 40 40 43 44 50 54 55 55 56 58 59 
8. -- -- -- -- -- -- -- 27 27 30 33 35 36 38 40 40 40 43 44 50 54 55 55 56 58 
9. -- -- -- -- -- -- -- -- 27 30 33 35 36 38 40 40 40 43 44 50 54 55 55 56 
10. -- -- -- -- -- -- -- -- -- 30 33 35 36 38 40 40 40 43 44 50 54 55 55 
11. -- -- -- -- -- -- -- -- -- -- 33 35 36 38 40 40 40 43 44 50 54 55 
12. -- -- -- -- -- -- -- -- -- -- -- 35 36 38 40 40 40 43 44 50 54 
13. -- -- -- -- -- -- -- -- -- -- -- -- 36 38 40 40 40 43 44 50 
14. -- -- -- -- -- -- -- -- -- -- -- -- -- 38 40 40 40 43 44 
15. -- -- -- -- -- -- -- -- -- -- -- -- -- -- 40 40 40 43 
16. -- -- -- -- -- -- -- -- -- -- -- -- -- -- -- 40 40 

Original array:
00 01 04 15 16 21 25 27 27 30 33 35 36 38 40 40 40 43 44 50 54 55 55 56 58 59 60 60 61 61 63 63 
Sorted array:
00 01 04 15 16 21 25 27 27 30 33 35 36 38 40 40 40 43 44 50 54 55 55 56 58 59 60 60 61 61 63 63 
Comparisons: 480 Swaps: 32
[Michal@CrimsonNight ex4]$ ../ex1/randdes.out 8 | ./dpqs.out                                                                                                                                                       
Initial array:
10 10 09 08 05 04 02 02 
Array after partitions: 
1. 02 10 09 08 05 04 02 10 
2. -- 02 09 08 05 04 10 
3. -- -- 04 08 05 09 
4. -- -- -- 05 08 

Original array:
10 10 09 08 05 04 02 02 
Sorted array:
02 02 04 05 08 09 10 10 
Comparisons: 24 Swaps: 12
[Michal@CrimsonNight ex4]$ ../ex1/randdes.out 32 | ./dpqs.out                                                                                                                                                      
Initial array:
61 59 49 46 42 40 39 38 38 37 35 33 32 31 30 26 24 23 23 22 21 21 19 14 09 08 06 06 05 04 03 01 
Array after partitions: 
1. 01 59 49 46 42 40 39 38 38 37 35 33 32 31 30 26 24 23 23 22 21 21 19 14 09 08 06 06 05 04 03 61 
2. -- 03 49 46 42 40 39 38 38 37 35 33 32 31 30 26 24 23 23 22 21 21 19 14 09 08 06 06 05 04 59 
3. -- -- 04 46 42 40 39 38 38 37 35 33 32 31 30 26 24 23 23 22 21 21 19 14 09 08 06 06 05 49 
4. -- -- -- 05 42 40 39 38 38 37 35 33 32 31 30 26 24 23 23 22 21 21 19 14 09 08 06 06 46 
5. -- -- -- -- 06 40 39 38 38 37 35 33 32 31 30 26 24 23 23 22 21 21 19 14 09 08 06 42 
6. -- -- -- -- -- 06 39 38 38 37 35 33 32 31 30 26 24 23 23 22 21 21 19 14 09 08 40 
7. -- -- -- -- -- -- 08 38 38 37 35 33 32 31 30 26 24 23 23 22 21 21 19 14 09 39 
8. -- -- -- -- -- -- -- 09 38 37 35 33 32 31 30 26 24 23 23 22 21 21 19 14 38 
9. -- -- -- -- -- -- -- -- 14 37 35 33 32 31 30 26 24 23 23 22 21 21 19 38 
10. -- -- -- -- -- -- -- -- -- 19 35 33 32 31 30 26 24 23 23 22 21 21 37 
11. -- -- -- -- -- -- -- -- -- -- 21 33 32 31 30 26 24 23 23 22 21 35 
12. -- -- -- -- -- -- -- -- -- -- -- 21 32 31 30 26 24 23 23 22 33 
13. -- -- -- -- -- -- -- -- -- -- -- -- 22 31 30 26 24 23 23 32 
14. -- -- -- -- -- -- -- -- -- -- -- -- -- 23 30 26 24 23 31 
15. -- -- -- -- -- -- -- -- -- -- -- -- -- -- 23 26 24 30 
16. -- -- -- -- -- -- -- -- -- -- -- -- -- -- -- 24 26 

Original array:
61 59 49 46 42 40 39 38 38 37 35 33 32 31 30 26 24 23 23 22 21 21 19 14 09 08 06 06 05 04 03 01 
Sorted array:
01 03 04 05 06 06 08 09 14 19 21 21 22 23 23 24 26 30 31 32 33 35 37 38 38 39 40 42 46 49 59 61 
Comparisons: 480 Swaps: 48
[Michal@CrimsonNight ex4]$ python const.py 
Calculating constant (c) in Dual-Pivot Quick Sort.
For each n repeating 100 times and taking the average.
n = 10000: c = 1.137231418649384
n = 20000: c = 1.1627660229064525
n = 30000: c = 1.186030498346983
n = 40000: c = 1.1836631309342636
n = 50000: c = 1.1765827169483631
n = 60000: c = 1.1847136441617463
n = 70000: c = 1.1851012797714948
n = 80000: c = 1.1930569221248448
n = 90000: c = 1.203813759818023
n = 100000: c = 1.191338604255427
Average:  1.1804297997916982
[Michal@CrimsonNight ex4]$ tmux capture-pane -p -S'-' -E'-' -J > list2-log

